generic_a1                   generic
generic_adj                  automotive
generic_adj_compar           freer
generic_adj_superl           staunchest
generic_adverb               seasonally
generic_card_ne              10
generic_card_np_ne           10
generic_date_ne              10/05/01
generic_decimal_ne           0.2
generic_dom_card_ne          30
generic_dom_euro_ne          21
generic_dom_ord_ne           25th
generic_fract_ne             1/2
generic_mass_count_noun      xxxbility
generic_mass_noun            xxxbility
generic_meas_np_ne           1000m
generic_number               3
generic_ord_ne               19th
generic_pl_noun              dialects
generic_pl_noun_ne           dialects
generic_proper_ne            New
generic_time_noun_ne         8
generic_trans_verb_bse       woo
generic_trans_verb_pas       fueled
generic_trans_verb_past      fueled
generic_trans_verb_pres3sg   instantiates
generic_trans_verb_presn3sg  understate
generic_trans_verb_prp       revamping
generic_trans_verb_psp       supposed
generic_year_ne              1988
genericname                  S&P
genericname_pl               Chicagoans
&apos;                       '
&quot;                       "
&#91;                        [
&#93;                        ]
&lt;                         <
&gt;                         >
&#124;                       |
&amp;                        &
